
> novatutor-ai@0.1.0 build
> next build

   Γû▓ Next.js 14.1.0
   - Environments: .env.local

   Creating an optimized production build ...
node.exe : Failed to compile.
At line:1 char:1
+ & "C:\Program Files\nodejs/node.exe" "C:\Program Files\nodejs/node_mo ...
+ ~~~~~~~~~~~~~~~~~~~~~~~~~~~~~~~~~~~~~~~~~~~~~~~~~~~~~~~~~~~~~~~~~~~~~
    + CategoryInfo          : NotSpecified: (Failed to compile.:String) [], RemoteException
    + FullyQualifiedErrorId : NativeCommandError
 

./src/app/ai-chat/page.tsx
Error: 
  [31mx[0m Unexpected token `main`. Expected jsx identifier
     ,-[[36;1;4mC:\Users\HIEU\PycharmProjects\NovaTutor_AI\frontend\src\app\ai-chat\page.tsx[0m:140:1]
 [2m140[0m |   }
 [2m141[0m | 
 [2m142[0m |   return (
 [2m143[0m |     <main className="min-h-screen bg-[#F5F7FA] text-[#1F2937]">
     : [31;1m     ^^^^[0m
 [2m144[0m |       <header className="border-b border-slate-200 bg-white">
 [2m145[0m |         <div className="mx-auto flex w-full max-w-[1500px] items-center justify-between px-4 py-4 md:px-6">
 [2m145[0m |           <div>
     `----

Caused by:
    Syntax Error

Import trace for requested module:
./src/app/ai-chat/page.tsx


> Build failed because of webpack errors
